#-----------------------------------------------------------
# Webtalk v2019.1 (64-bit)
# SW Build 2552052 on Fri May 24 14:47:09 MDT 2019
# IP Build 2548770 on Fri May 24 18:01:18 MDT 2019
# Start of session at: Fri Apr 17 19:48:26 2020
# Process ID: 8869
# Current directory: /home/nikhil/git_clones/AWS/aws-fpga/hdk/cl/examples/cl_dram_dma/verif/sim/vivado/test_dram_dma_c
# Command line: wbtcv -mode batch -source /home/nikhil/git_clones/AWS/aws-fpga/hdk/cl/examples/cl_dram_dma/verif/sim/vivado/test_dram_dma_c/xsim.dir/tb/webtalk/xsim_webtalk.tcl -notrace
# Log file: /home/nikhil/git_clones/AWS/aws-fpga/hdk/cl/examples/cl_dram_dma/verif/sim/vivado/test_dram_dma_c/webtalk.log
# Journal file: /home/nikhil/git_clones/AWS/aws-fpga/hdk/cl/examples/cl_dram_dma/verif/sim/vivado/test_dram_dma_c/webtalk.jou
#-----------------------------------------------------------
source /home/nikhil/git_clones/AWS/aws-fpga/hdk/cl/examples/cl_dram_dma/verif/sim/vivado/test_dram_dma_c/xsim.dir/tb/webtalk/xsim_webtalk.tcl -notrace
