Archive member included to satisfy reference by file (symbol)

/home/nikhil/git_clones/RISCV_Gnu_Toolchain/riscv64/lib/gcc/riscv64-unknown-elf/9.2.0/../../../../riscv64-unknown-elf/lib/libc.a(lib_a-errno.o)
                              ./lib/syscalls.o (__errno)
/home/nikhil/git_clones/RISCV_Gnu_Toolchain/riscv64/lib/gcc/riscv64-unknown-elf/9.2.0/../../../../riscv64-unknown-elf/lib/libc.a(lib_a-exit.o)
                              /home/nikhil/git_clones/RISCV_Gnu_Toolchain/riscv64/lib/gcc/riscv64-unknown-elf/9.2.0/../../../../riscv64-unknown-elf/lib/crt0.o (exit)
/home/nikhil/git_clones/RISCV_Gnu_Toolchain/riscv64/lib/gcc/riscv64-unknown-elf/9.2.0/../../../../riscv64-unknown-elf/lib/libc.a(lib_a-impure.o)
                              /home/nikhil/git_clones/RISCV_Gnu_Toolchain/riscv64/lib/gcc/riscv64-unknown-elf/9.2.0/../../../../riscv64-unknown-elf/lib/libc.a(lib_a-exit.o) (_global_impure_ptr)
/home/nikhil/git_clones/RISCV_Gnu_Toolchain/riscv64/lib/gcc/riscv64-unknown-elf/9.2.0/../../../../riscv64-unknown-elf/lib/libc.a(lib_a-init.o)
                              /home/nikhil/git_clones/RISCV_Gnu_Toolchain/riscv64/lib/gcc/riscv64-unknown-elf/9.2.0/../../../../riscv64-unknown-elf/lib/crt0.o (__libc_init_array)
/home/nikhil/git_clones/RISCV_Gnu_Toolchain/riscv64/lib/gcc/riscv64-unknown-elf/9.2.0/../../../../riscv64-unknown-elf/lib/libc.a(lib_a-memset.o)
                              /home/nikhil/git_clones/RISCV_Gnu_Toolchain/riscv64/lib/gcc/riscv64-unknown-elf/9.2.0/../../../../riscv64-unknown-elf/lib/crt0.o (memset)
/home/nikhil/git_clones/RISCV_Gnu_Toolchain/riscv64/lib/gcc/riscv64-unknown-elf/9.2.0/../../../../riscv64-unknown-elf/lib/libc.a(lib_a-puts.o)
                              /tmp/ccaWgiCf.o (puts)
/home/nikhil/git_clones/RISCV_Gnu_Toolchain/riscv64/lib/gcc/riscv64-unknown-elf/9.2.0/../../../../riscv64-unknown-elf/lib/libc.a(lib_a-strlen.o)
                              /home/nikhil/git_clones/RISCV_Gnu_Toolchain/riscv64/lib/gcc/riscv64-unknown-elf/9.2.0/../../../../riscv64-unknown-elf/lib/libc.a(lib_a-puts.o) (strlen)
/home/nikhil/git_clones/RISCV_Gnu_Toolchain/riscv64/lib/gcc/riscv64-unknown-elf/9.2.0/../../../../riscv64-unknown-elf/lib/libc.a(lib_a-__call_atexit.o)
                              /home/nikhil/git_clones/RISCV_Gnu_Toolchain/riscv64/lib/gcc/riscv64-unknown-elf/9.2.0/../../../../riscv64-unknown-elf/lib/libc.a(lib_a-exit.o) (__call_exitprocs)
/home/nikhil/git_clones/RISCV_Gnu_Toolchain/riscv64/lib/gcc/riscv64-unknown-elf/9.2.0/../../../../riscv64-unknown-elf/lib/libc.a(lib_a-findfp.o)
                              /home/nikhil/git_clones/RISCV_Gnu_Toolchain/riscv64/lib/gcc/riscv64-unknown-elf/9.2.0/../../../../riscv64-unknown-elf/lib/libc.a(lib_a-puts.o) (__sinit)
/home/nikhil/git_clones/RISCV_Gnu_Toolchain/riscv64/lib/gcc/riscv64-unknown-elf/9.2.0/../../../../riscv64-unknown-elf/lib/libc.a(lib_a-fini.o)
                              /home/nikhil/git_clones/RISCV_Gnu_Toolchain/riscv64/lib/gcc/riscv64-unknown-elf/9.2.0/../../../../riscv64-unknown-elf/lib/libc.a(lib_a-__call_atexit.o) (__libc_fini_array)
/home/nikhil/git_clones/RISCV_Gnu_Toolchain/riscv64/lib/gcc/riscv64-unknown-elf/9.2.0/../../../../riscv64-unknown-elf/lib/libc.a(lib_a-fvwrite.o)
                              /home/nikhil/git_clones/RISCV_Gnu_Toolchain/riscv64/lib/gcc/riscv64-unknown-elf/9.2.0/../../../../riscv64-unknown-elf/lib/libc.a(lib_a-puts.o) (__sfvwrite_r)
/home/nikhil/git_clones/RISCV_Gnu_Toolchain/riscv64/lib/gcc/riscv64-unknown-elf/9.2.0/../../../../riscv64-unknown-elf/lib/libc.a(lib_a-fwalk.o)
                              /home/nikhil/git_clones/RISCV_Gnu_Toolchain/riscv64/lib/gcc/riscv64-unknown-elf/9.2.0/../../../../riscv64-unknown-elf/lib/libc.a(lib_a-findfp.o) (_fwalk)
/home/nikhil/git_clones/RISCV_Gnu_Toolchain/riscv64/lib/gcc/riscv64-unknown-elf/9.2.0/../../../../riscv64-unknown-elf/lib/libc.a(lib_a-mallocr.o)
                              /home/nikhil/git_clones/RISCV_Gnu_Toolchain/riscv64/lib/gcc/riscv64-unknown-elf/9.2.0/../../../../riscv64-unknown-elf/lib/libc.a(lib_a-findfp.o) (_malloc_r)
/home/nikhil/git_clones/RISCV_Gnu_Toolchain/riscv64/lib/gcc/riscv64-unknown-elf/9.2.0/../../../../riscv64-unknown-elf/lib/libc.a(lib_a-memchr.o)
                              /home/nikhil/git_clones/RISCV_Gnu_Toolchain/riscv64/lib/gcc/riscv64-unknown-elf/9.2.0/../../../../riscv64-unknown-elf/lib/libc.a(lib_a-fvwrite.o) (memchr)
/home/nikhil/git_clones/RISCV_Gnu_Toolchain/riscv64/lib/gcc/riscv64-unknown-elf/9.2.0/../../../../riscv64-unknown-elf/lib/libc.a(lib_a-memcpy.o)
                              /home/nikhil/git_clones/RISCV_Gnu_Toolchain/riscv64/lib/gcc/riscv64-unknown-elf/9.2.0/../../../../riscv64-unknown-elf/lib/libc.a(lib_a-fvwrite.o) (memcpy)
/home/nikhil/git_clones/RISCV_Gnu_Toolchain/riscv64/lib/gcc/riscv64-unknown-elf/9.2.0/../../../../riscv64-unknown-elf/lib/libc.a(lib_a-memmove-stub.o)
                              /home/nikhil/git_clones/RISCV_Gnu_Toolchain/riscv64/lib/gcc/riscv64-unknown-elf/9.2.0/../../../../riscv64-unknown-elf/lib/libc.a(lib_a-fvwrite.o) (memmove)
/home/nikhil/git_clones/RISCV_Gnu_Toolchain/riscv64/lib/gcc/riscv64-unknown-elf/9.2.0/../../../../riscv64-unknown-elf/lib/libc.a(lib_a-mlock.o)
                              /home/nikhil/git_clones/RISCV_Gnu_Toolchain/riscv64/lib/gcc/riscv64-unknown-elf/9.2.0/../../../../riscv64-unknown-elf/lib/libc.a(lib_a-mallocr.o) (__malloc_lock)
/home/nikhil/git_clones/RISCV_Gnu_Toolchain/riscv64/lib/gcc/riscv64-unknown-elf/9.2.0/../../../../riscv64-unknown-elf/lib/libc.a(lib_a-reallocr.o)
                              /home/nikhil/git_clones/RISCV_Gnu_Toolchain/riscv64/lib/gcc/riscv64-unknown-elf/9.2.0/../../../../riscv64-unknown-elf/lib/libc.a(lib_a-fvwrite.o) (_realloc_r)
/home/nikhil/git_clones/RISCV_Gnu_Toolchain/riscv64/lib/gcc/riscv64-unknown-elf/9.2.0/../../../../riscv64-unknown-elf/lib/libc.a(lib_a-sbrkr.o)
                              /home/nikhil/git_clones/RISCV_Gnu_Toolchain/riscv64/lib/gcc/riscv64-unknown-elf/9.2.0/../../../../riscv64-unknown-elf/lib/libc.a(lib_a-mallocr.o) (_sbrk_r)
/home/nikhil/git_clones/RISCV_Gnu_Toolchain/riscv64/lib/gcc/riscv64-unknown-elf/9.2.0/../../../../riscv64-unknown-elf/lib/libc.a(lib_a-stdio.o)
                              /home/nikhil/git_clones/RISCV_Gnu_Toolchain/riscv64/lib/gcc/riscv64-unknown-elf/9.2.0/../../../../riscv64-unknown-elf/lib/libc.a(lib_a-findfp.o) (__sread)
/home/nikhil/git_clones/RISCV_Gnu_Toolchain/riscv64/lib/gcc/riscv64-unknown-elf/9.2.0/../../../../riscv64-unknown-elf/lib/libc.a(lib_a-writer.o)
                              /home/nikhil/git_clones/RISCV_Gnu_Toolchain/riscv64/lib/gcc/riscv64-unknown-elf/9.2.0/../../../../riscv64-unknown-elf/lib/libc.a(lib_a-stdio.o) (_write_r)
/home/nikhil/git_clones/RISCV_Gnu_Toolchain/riscv64/lib/gcc/riscv64-unknown-elf/9.2.0/../../../../riscv64-unknown-elf/lib/libc.a(lib_a-wsetup.o)
                              /home/nikhil/git_clones/RISCV_Gnu_Toolchain/riscv64/lib/gcc/riscv64-unknown-elf/9.2.0/../../../../riscv64-unknown-elf/lib/libc.a(lib_a-fvwrite.o) (__swsetup_r)
/home/nikhil/git_clones/RISCV_Gnu_Toolchain/riscv64/lib/gcc/riscv64-unknown-elf/9.2.0/../../../../riscv64-unknown-elf/lib/libc.a(lib_a-atexit.o)
                              /home/nikhil/git_clones/RISCV_Gnu_Toolchain/riscv64/lib/gcc/riscv64-unknown-elf/9.2.0/../../../../riscv64-unknown-elf/lib/libc.a(lib_a-__call_atexit.o) (atexit)
/home/nikhil/git_clones/RISCV_Gnu_Toolchain/riscv64/lib/gcc/riscv64-unknown-elf/9.2.0/../../../../riscv64-unknown-elf/lib/libc.a(lib_a-closer.o)
                              /home/nikhil/git_clones/RISCV_Gnu_Toolchain/riscv64/lib/gcc/riscv64-unknown-elf/9.2.0/../../../../riscv64-unknown-elf/lib/libc.a(lib_a-stdio.o) (_close_r)
/home/nikhil/git_clones/RISCV_Gnu_Toolchain/riscv64/lib/gcc/riscv64-unknown-elf/9.2.0/../../../../riscv64-unknown-elf/lib/libc.a(lib_a-fclose.o)
                              /home/nikhil/git_clones/RISCV_Gnu_Toolchain/riscv64/lib/gcc/riscv64-unknown-elf/9.2.0/../../../../riscv64-unknown-elf/lib/libc.a(lib_a-findfp.o) (_fclose_r)
/home/nikhil/git_clones/RISCV_Gnu_Toolchain/riscv64/lib/gcc/riscv64-unknown-elf/9.2.0/../../../../riscv64-unknown-elf/lib/libc.a(lib_a-fflush.o)
                              /home/nikhil/git_clones/RISCV_Gnu_Toolchain/riscv64/lib/gcc/riscv64-unknown-elf/9.2.0/../../../../riscv64-unknown-elf/lib/libc.a(lib_a-fclose.o) (__sflush_r)
/home/nikhil/git_clones/RISCV_Gnu_Toolchain/riscv64/lib/gcc/riscv64-unknown-elf/9.2.0/../../../../riscv64-unknown-elf/lib/libc.a(lib_a-freer.o)
                              /home/nikhil/git_clones/RISCV_Gnu_Toolchain/riscv64/lib/gcc/riscv64-unknown-elf/9.2.0/../../../../riscv64-unknown-elf/lib/libc.a(lib_a-fvwrite.o) (_free_r)
/home/nikhil/git_clones/RISCV_Gnu_Toolchain/riscv64/lib/gcc/riscv64-unknown-elf/9.2.0/../../../../riscv64-unknown-elf/lib/libc.a(lib_a-lseekr.o)
                              /home/nikhil/git_clones/RISCV_Gnu_Toolchain/riscv64/lib/gcc/riscv64-unknown-elf/9.2.0/../../../../riscv64-unknown-elf/lib/libc.a(lib_a-stdio.o) (_lseek_r)
/home/nikhil/git_clones/RISCV_Gnu_Toolchain/riscv64/lib/gcc/riscv64-unknown-elf/9.2.0/../../../../riscv64-unknown-elf/lib/libc.a(lib_a-makebuf.o)
                              /home/nikhil/git_clones/RISCV_Gnu_Toolchain/riscv64/lib/gcc/riscv64-unknown-elf/9.2.0/../../../../riscv64-unknown-elf/lib/libc.a(lib_a-wsetup.o) (__smakebuf_r)
/home/nikhil/git_clones/RISCV_Gnu_Toolchain/riscv64/lib/gcc/riscv64-unknown-elf/9.2.0/../../../../riscv64-unknown-elf/lib/libc.a(lib_a-readr.o)
                              /home/nikhil/git_clones/RISCV_Gnu_Toolchain/riscv64/lib/gcc/riscv64-unknown-elf/9.2.0/../../../../riscv64-unknown-elf/lib/libc.a(lib_a-stdio.o) (_read_r)
/home/nikhil/git_clones/RISCV_Gnu_Toolchain/riscv64/lib/gcc/riscv64-unknown-elf/9.2.0/../../../../riscv64-unknown-elf/lib/libc.a(lib_a-reent.o)
                              /home/nikhil/git_clones/RISCV_Gnu_Toolchain/riscv64/lib/gcc/riscv64-unknown-elf/9.2.0/../../../../riscv64-unknown-elf/lib/libc.a(lib_a-sbrkr.o) (errno)
/home/nikhil/git_clones/RISCV_Gnu_Toolchain/riscv64/lib/gcc/riscv64-unknown-elf/9.2.0/../../../../riscv64-unknown-elf/lib/libc.a(lib_a-__atexit.o)
                              /home/nikhil/git_clones/RISCV_Gnu_Toolchain/riscv64/lib/gcc/riscv64-unknown-elf/9.2.0/../../../../riscv64-unknown-elf/lib/libc.a(lib_a-atexit.o) (__register_exitproc)
/home/nikhil/git_clones/RISCV_Gnu_Toolchain/riscv64/lib/gcc/riscv64-unknown-elf/9.2.0/../../../../riscv64-unknown-elf/lib/libc.a(lib_a-fstatr.o)
                              /home/nikhil/git_clones/RISCV_Gnu_Toolchain/riscv64/lib/gcc/riscv64-unknown-elf/9.2.0/../../../../riscv64-unknown-elf/lib/libc.a(lib_a-makebuf.o) (_fstat_r)
/home/nikhil/git_clones/RISCV_Gnu_Toolchain/riscv64/lib/gcc/riscv64-unknown-elf/9.2.0/../../../../riscv64-unknown-elf/lib/libc.a(lib_a-isattyr.o)
                              /home/nikhil/git_clones/RISCV_Gnu_Toolchain/riscv64/lib/gcc/riscv64-unknown-elf/9.2.0/../../../../riscv64-unknown-elf/lib/libc.a(lib_a-makebuf.o) (_isatty_r)
/home/nikhil/git_clones/RISCV_Gnu_Toolchain/riscv64/lib/gcc/riscv64-unknown-elf/9.2.0/../../../../riscv64-unknown-elf/lib/libnosys.a(_exit.o)
                              /home/nikhil/git_clones/RISCV_Gnu_Toolchain/riscv64/lib/gcc/riscv64-unknown-elf/9.2.0/../../../../riscv64-unknown-elf/lib/libc.a(lib_a-exit.o) (_exit)

Allocating common symbols
Common symbol       size              file

errno               0x4               /home/nikhil/git_clones/RISCV_Gnu_Toolchain/riscv64/lib/gcc/riscv64-unknown-elf/9.2.0/../../../../riscv64-unknown-elf/lib/libc.a(lib_a-reent.o)

Memory Configuration

Name             Origin             Length             Attributes
*default*        0x0000000000000000 0xffffffffffffffff

Linker script and memory map

LOAD ./lib/syscalls.o
LOAD ./lib/riscv_counters.o
LOAD ./lib/ns16550.o
Address of section .text-segment set to 0xc0000000
LOAD /tmp/ccaWgiCf.o
LOAD /home/nikhil/git_clones/RISCV_Gnu_Toolchain/riscv64/lib/gcc/riscv64-unknown-elf/9.2.0/../../../../riscv64-unknown-elf/lib/libm.a
LOAD /home/nikhil/git_clones/RISCV_Gnu_Toolchain/riscv64/lib/gcc/riscv64-unknown-elf/9.2.0/libgcc.a
LOAD /home/nikhil/git_clones/RISCV_Gnu_Toolchain/riscv64/lib/gcc/riscv64-unknown-elf/9.2.0/../../../../riscv64-unknown-elf/lib/libnosys.a
LOAD /home/nikhil/git_clones/RISCV_Gnu_Toolchain/riscv64/lib/gcc/riscv64-unknown-elf/9.2.0/libgcc.a
START GROUP
LOAD /home/nikhil/git_clones/RISCV_Gnu_Toolchain/riscv64/lib/gcc/riscv64-unknown-elf/9.2.0/libgcc.a
LOAD /home/nikhil/git_clones/RISCV_Gnu_Toolchain/riscv64/lib/gcc/riscv64-unknown-elf/9.2.0/../../../../riscv64-unknown-elf/lib/libc.a
LOAD /home/nikhil/git_clones/RISCV_Gnu_Toolchain/riscv64/lib/gcc/riscv64-unknown-elf/9.2.0/../../../../riscv64-unknown-elf/lib/libnosys.a
END GROUP
LOAD /home/nikhil/git_clones/RISCV_Gnu_Toolchain/riscv64/lib/gcc/riscv64-unknown-elf/9.2.0/crtend.o
LOAD ./lib/startup.o
                [!provide]                        PROVIDE (__executable_start = SEGMENT_START ("text-segment", 0x10000))
                0x00000000c0000078                . = (SEGMENT_START ("text-segment", 0x10000) + SIZEOF_HEADERS)

.interp
 *(.interp)

.note.gnu.build-id
 *(.note.gnu.build-id)

.hash
 *(.hash)

.gnu.hash
 *(.gnu.hash)

.dynsym
 *(.dynsym)

.dynstr
 *(.dynstr)

.gnu.version
 *(.gnu.version)

.gnu.version_d
 *(.gnu.version_d)

.gnu.version_r
 *(.gnu.version_r)

.rela.dyn       0x00000000c0000078        0x0
 *(.rela.init)
 *(.rela.text .rela.text.* .rela.gnu.linkonce.t.*)
 .rela.text     0x00000000c0000078        0x0 /home/nikhil/git_clones/RISCV_Gnu_Toolchain/riscv64/lib/gcc/riscv64-unknown-elf/9.2.0/../../../../riscv64-unknown-elf/lib/crt0.o
 .rela.text.startup
                0x00000000c0000078        0x0 /home/nikhil/git_clones/RISCV_Gnu_Toolchain/riscv64/lib/gcc/riscv64-unknown-elf/9.2.0/../../../../riscv64-unknown-elf/lib/crt0.o
 *(.rela.fini)
 *(.rela.rodata .rela.rodata.* .rela.gnu.linkonce.r.*)
 *(.rela.data .rela.data.* .rela.gnu.linkonce.d.*)
 *(.rela.tdata .rela.tdata.* .rela.gnu.linkonce.td.*)
 *(.rela.tbss .rela.tbss.* .rela.gnu.linkonce.tb.*)
 *(.rela.ctors)
 *(.rela.dtors)
 *(.rela.got)
 *(.rela.sdata .rela.sdata.* .rela.gnu.linkonce.s.*)
 *(.rela.sbss .rela.sbss.* .rela.gnu.linkonce.sb.*)
 *(.rela.sdata2 .rela.sdata2.* .rela.gnu.linkonce.s2.*)
 *(.rela.sbss2 .rela.sbss2.* .rela.gnu.linkonce.sb2.*)
 *(.rela.bss .rela.bss.* .rela.gnu.linkonce.b.*)
                [!provide]                        PROVIDE (__rela_iplt_start = .)
 *(.rela.iplt)
                [!provide]                        PROVIDE (__rela_iplt_end = .)

.rela.plt
 *(.rela.plt)

.init
 *(SORT_NONE(.init))

.plt
 *(.plt)

.iplt
 *(.iplt)

.text           0x00000000c0000078     0x2bf0
 *(.text.unlikely .text.*_unlikely .text.unlikely.*)
 *(.text.exit .text.exit.*)
 *(.text.startup .text.startup.*)
 .text.startup  0x00000000c0000078       0x14 /home/nikhil/git_clones/RISCV_Gnu_Toolchain/riscv64/lib/gcc/riscv64-unknown-elf/9.2.0/../../../../riscv64-unknown-elf/lib/libc.a(lib_a-__call_atexit.o)
 *(.text.hot .text.hot.*)
 *(SORT_BY_NAME(.text.sorted.*))
 *(.text .stub .text.* .gnu.linkonce.t.*)
 .text          0x00000000c000008c       0x44 /home/nikhil/git_clones/RISCV_Gnu_Toolchain/riscv64/lib/gcc/riscv64-unknown-elf/9.2.0/../../../../riscv64-unknown-elf/lib/crt0.o
                0x00000000c000008c                _start
 .text          0x00000000c00000d0       0x58 /home/nikhil/git_clones/RISCV_Gnu_Toolchain/riscv64/lib/gcc/riscv64-unknown-elf/9.2.0/crtbegin.o
 .text          0x00000000c0000128      0x4ac ./lib/syscalls.o
                0x00000000c0000128                read
                0x00000000c00001d0                write
                0x00000000c0000254                gettimeofday
                0x00000000c00002c4                sleep
                0x00000000c0000338                _sbrk
                0x00000000c0000378                _write
                0x00000000c00003fc                _close
                0x00000000c000043c                _lseek
                0x00000000c000048c                _read
                0x00000000c00004dc                _fstat
                0x00000000c0000520                _isatty
                0x00000000c0000560                _kill
                0x00000000c00005ac                _getpid
 .text          0x00000000c00005d4      0x16c ./lib/riscv_counters.o
                0x00000000c00005d4                read_cycle
                0x00000000c00005fc                read_time
                0x00000000c0000624                read_instret
                0x00000000c000064c                fence
                0x00000000c000066c                io_read32
                0x00000000c000069c                io_write32
                0x00000000c00006d8                io_read64
                0x00000000c0000708                io_write64
 .text          0x00000000c0000740      0x218 ./lib/ns16550.o
                0x00000000c000081c                ns16550_rxready
                0x00000000c0000860                ns16550_rxchar
                0x00000000c00008b4                ns16550_txchar
                0x00000000c0000914                ns16550_flush
 .text          0x00000000c0000958       0xdc /tmp/ccaWgiCf.o
                0x00000000c0000958                main
 .text          0x00000000c0000a34        0x6 /home/nikhil/git_clones/RISCV_Gnu_Toolchain/riscv64/lib/gcc/riscv64-unknown-elf/9.2.0/../../../../riscv64-unknown-elf/lib/libc.a(lib_a-errno.o)
                0x00000000c0000a34                __errno
 .text          0x00000000c0000a3a       0x1e /home/nikhil/git_clones/RISCV_Gnu_Toolchain/riscv64/lib/gcc/riscv64-unknown-elf/9.2.0/../../../../riscv64-unknown-elf/lib/libc.a(lib_a-exit.o)
                0x00000000c0000a3a                exit
 .text          0x00000000c0000a58        0x0 /home/nikhil/git_clones/RISCV_Gnu_Toolchain/riscv64/lib/gcc/riscv64-unknown-elf/9.2.0/../../../../riscv64-unknown-elf/lib/libc.a(lib_a-impure.o)
 .text          0x00000000c0000a58       0x6a /home/nikhil/git_clones/RISCV_Gnu_Toolchain/riscv64/lib/gcc/riscv64-unknown-elf/9.2.0/../../../../riscv64-unknown-elf/lib/libc.a(lib_a-init.o)
                0x00000000c0000a58                __libc_init_array
 .text          0x00000000c0000ac2       0xaa /home/nikhil/git_clones/RISCV_Gnu_Toolchain/riscv64/lib/gcc/riscv64-unknown-elf/9.2.0/../../../../riscv64-unknown-elf/lib/libc.a(lib_a-memset.o)
                0x00000000c0000ac2                memset
 .text          0x00000000c0000b6c       0x88 /home/nikhil/git_clones/RISCV_Gnu_Toolchain/riscv64/lib/gcc/riscv64-unknown-elf/9.2.0/../../../../riscv64-unknown-elf/lib/libc.a(lib_a-puts.o)
                0x00000000c0000b6c                _puts_r
                0x00000000c0000bec                puts
 .text          0x00000000c0000bf4       0x94 /home/nikhil/git_clones/RISCV_Gnu_Toolchain/riscv64/lib/gcc/riscv64-unknown-elf/9.2.0/../../../../riscv64-unknown-elf/lib/libc.a(lib_a-strlen.o)
                0x00000000c0000bf4                strlen
 .text          0x00000000c0000c88       0xc2 /home/nikhil/git_clones/RISCV_Gnu_Toolchain/riscv64/lib/gcc/riscv64-unknown-elf/9.2.0/../../../../riscv64-unknown-elf/lib/libc.a(lib_a-__call_atexit.o)
                0x00000000c0000c88                __call_exitprocs
 .text          0x00000000c0000d4a      0x270 /home/nikhil/git_clones/RISCV_Gnu_Toolchain/riscv64/lib/gcc/riscv64-unknown-elf/9.2.0/../../../../riscv64-unknown-elf/lib/libc.a(lib_a-findfp.o)
                0x00000000c0000d4e                _cleanup_r
                0x00000000c0000e84                __sfmoreglue
                0x00000000c0000ecc                __sfp
                0x00000000c0000f80                _cleanup
                0x00000000c0000f8e                __sinit
                0x00000000c0000f96                __sfp_lock_acquire
                0x00000000c0000f98                __sfp_lock_release
                0x00000000c0000f9a                __sinit_lock_acquire
                0x00000000c0000f9c                __sinit_lock_release
                0x00000000c0000f9e                __fp_lock_all
                0x00000000c0000fac                __fp_unlock_all
 .text          0x00000000c0000fba       0x38 /home/nikhil/git_clones/RISCV_Gnu_Toolchain/riscv64/lib/gcc/riscv64-unknown-elf/9.2.0/../../../../riscv64-unknown-elf/lib/libc.a(lib_a-fini.o)
                0x00000000c0000fba                __libc_fini_array
 .text          0x00000000c0000ff2      0x32a /home/nikhil/git_clones/RISCV_Gnu_Toolchain/riscv64/lib/gcc/riscv64-unknown-elf/9.2.0/../../../../riscv64-unknown-elf/lib/libc.a(lib_a-fvwrite.o)
                0x00000000c0000ff2                __sfvwrite_r
 .text          0x00000000c000131c      0x10c /home/nikhil/git_clones/RISCV_Gnu_Toolchain/riscv64/lib/gcc/riscv64-unknown-elf/9.2.0/../../../../riscv64-unknown-elf/lib/libc.a(lib_a-fwalk.o)
                0x00000000c000131c                _fwalk
                0x00000000c000139e                _fwalk_reent
 .text          0x00000000c0001428      0x62e /home/nikhil/git_clones/RISCV_Gnu_Toolchain/riscv64/lib/gcc/riscv64-unknown-elf/9.2.0/../../../../riscv64-unknown-elf/lib/libc.a(lib_a-mallocr.o)
                0x00000000c0001428                _malloc_r
 .text          0x00000000c0001a56       0x9e /home/nikhil/git_clones/RISCV_Gnu_Toolchain/riscv64/lib/gcc/riscv64-unknown-elf/9.2.0/../../../../riscv64-unknown-elf/lib/libc.a(lib_a-memchr.o)
                0x00000000c0001a56                memchr
 .text          0x00000000c0001af4       0xde /home/nikhil/git_clones/RISCV_Gnu_Toolchain/riscv64/lib/gcc/riscv64-unknown-elf/9.2.0/../../../../riscv64-unknown-elf/lib/libc.a(lib_a-memcpy.o)
                0x00000000c0001af4                memcpy
 .text          0x00000000c0001bd2       0xd6 /home/nikhil/git_clones/RISCV_Gnu_Toolchain/riscv64/lib/gcc/riscv64-unknown-elf/9.2.0/../../../../riscv64-unknown-elf/lib/libc.a(lib_a-memmove-stub.o)
                0x00000000c0001bd2                memmove
 .text          0x00000000c0001ca8        0x4 /home/nikhil/git_clones/RISCV_Gnu_Toolchain/riscv64/lib/gcc/riscv64-unknown-elf/9.2.0/../../../../riscv64-unknown-elf/lib/libc.a(lib_a-mlock.o)
                0x00000000c0001ca8                __malloc_lock
                0x00000000c0001caa                __malloc_unlock
 .text          0x00000000c0001cac      0x40e /home/nikhil/git_clones/RISCV_Gnu_Toolchain/riscv64/lib/gcc/riscv64-unknown-elf/9.2.0/../../../../riscv64-unknown-elf/lib/libc.a(lib_a-reallocr.o)
                0x00000000c0001cac                _realloc_r
 .text          0x00000000c00020ba       0x38 /home/nikhil/git_clones/RISCV_Gnu_Toolchain/riscv64/lib/gcc/riscv64-unknown-elf/9.2.0/../../../../riscv64-unknown-elf/lib/libc.a(lib_a-sbrkr.o)
                0x00000000c00020ba                _sbrk_r
 .text          0x00000000c00020f2       0xd6 /home/nikhil/git_clones/RISCV_Gnu_Toolchain/riscv64/lib/gcc/riscv64-unknown-elf/9.2.0/../../../../riscv64-unknown-elf/lib/libc.a(lib_a-stdio.o)
                0x00000000c00020f2                __sread
                0x00000000c000212a                __seofread
                0x00000000c000212e                __swrite
                0x00000000c0002180                __sseek
                0x00000000c00021c2                __sclose
 .text          0x00000000c00021c8       0x3e /home/nikhil/git_clones/RISCV_Gnu_Toolchain/riscv64/lib/gcc/riscv64-unknown-elf/9.2.0/../../../../riscv64-unknown-elf/lib/libc.a(lib_a-writer.o)
                0x00000000c00021c8                _write_r
 .text          0x00000000c0002206       0xee /home/nikhil/git_clones/RISCV_Gnu_Toolchain/riscv64/lib/gcc/riscv64-unknown-elf/9.2.0/../../../../riscv64-unknown-elf/lib/libc.a(lib_a-wsetup.o)
                0x00000000c0002206                __swsetup_r
 .text          0x00000000c00022f4        0xc /home/nikhil/git_clones/RISCV_Gnu_Toolchain/riscv64/lib/gcc/riscv64-unknown-elf/9.2.0/../../../../riscv64-unknown-elf/lib/libc.a(lib_a-atexit.o)
                0x00000000c00022f4                atexit
 .text          0x00000000c0002300       0x38 /home/nikhil/git_clones/RISCV_Gnu_Toolchain/riscv64/lib/gcc/riscv64-unknown-elf/9.2.0/../../../../riscv64-unknown-elf/lib/libc.a(lib_a-closer.o)
                0x00000000c0002300                _close_r
 .text          0x00000000c0002338       0xb6 /home/nikhil/git_clones/RISCV_Gnu_Toolchain/riscv64/lib/gcc/riscv64-unknown-elf/9.2.0/../../../../riscv64-unknown-elf/lib/libc.a(lib_a-fclose.o)
                0x00000000c0002338                _fclose_r
                0x00000000c00023e6                fclose
 .text          0x00000000c00023ee      0x1ea /home/nikhil/git_clones/RISCV_Gnu_Toolchain/riscv64/lib/gcc/riscv64-unknown-elf/9.2.0/../../../../riscv64-unknown-elf/lib/libc.a(lib_a-fflush.o)
                0x00000000c00023ee                __sflush_r
                0x00000000c0002588                _fflush_r
                0x00000000c00025be                fflush
 .text          0x00000000c00025d8      0x326 /home/nikhil/git_clones/RISCV_Gnu_Toolchain/riscv64/lib/gcc/riscv64-unknown-elf/9.2.0/../../../../riscv64-unknown-elf/lib/libc.a(lib_a-freer.o)
                0x00000000c00025d8                _malloc_trim_r
                0x00000000c00026ae                _free_r
 .text          0x00000000c00028fe       0x3e /home/nikhil/git_clones/RISCV_Gnu_Toolchain/riscv64/lib/gcc/riscv64-unknown-elf/9.2.0/../../../../riscv64-unknown-elf/lib/libc.a(lib_a-lseekr.o)
                0x00000000c00028fe                _lseek_r
 .text          0x00000000c000293c      0x13e /home/nikhil/git_clones/RISCV_Gnu_Toolchain/riscv64/lib/gcc/riscv64-unknown-elf/9.2.0/../../../../riscv64-unknown-elf/lib/libc.a(lib_a-makebuf.o)
                0x00000000c000293c                __swhatbuf_r
                0x00000000c00029be                __smakebuf_r
 .text          0x00000000c0002a7a       0x3e /home/nikhil/git_clones/RISCV_Gnu_Toolchain/riscv64/lib/gcc/riscv64-unknown-elf/9.2.0/../../../../riscv64-unknown-elf/lib/libc.a(lib_a-readr.o)
                0x00000000c0002a7a                _read_r
 .text          0x00000000c0002ab8       0xc4 /home/nikhil/git_clones/RISCV_Gnu_Toolchain/riscv64/lib/gcc/riscv64-unknown-elf/9.2.0/../../../../riscv64-unknown-elf/lib/libc.a(lib_a-reent.o)
                0x00000000c0002ab8                cleanup_glue
                0x00000000c0002ada                _reclaim_reent
 .text          0x00000000c0002b7c       0x76 /home/nikhil/git_clones/RISCV_Gnu_Toolchain/riscv64/lib/gcc/riscv64-unknown-elf/9.2.0/../../../../riscv64-unknown-elf/lib/libc.a(lib_a-__atexit.o)
                0x00000000c0002b7c                __register_exitproc
 .text          0x00000000c0002bf2       0x3c /home/nikhil/git_clones/RISCV_Gnu_Toolchain/riscv64/lib/gcc/riscv64-unknown-elf/9.2.0/../../../../riscv64-unknown-elf/lib/libc.a(lib_a-fstatr.o)
                0x00000000c0002bf2                _fstat_r
 .text          0x00000000c0002c2e       0x38 /home/nikhil/git_clones/RISCV_Gnu_Toolchain/riscv64/lib/gcc/riscv64-unknown-elf/9.2.0/../../../../riscv64-unknown-elf/lib/libc.a(lib_a-isattyr.o)
                0x00000000c0002c2e                _isatty_r
 .text          0x00000000c0002c66        0x2 /home/nikhil/git_clones/RISCV_Gnu_Toolchain/riscv64/lib/gcc/riscv64-unknown-elf/9.2.0/../../../../riscv64-unknown-elf/lib/libnosys.a(_exit.o)
                0x00000000c0002c66                _exit
 .text          0x00000000c0002c68        0x0 /home/nikhil/git_clones/RISCV_Gnu_Toolchain/riscv64/lib/gcc/riscv64-unknown-elf/9.2.0/crtend.o
 *(.gnu.warning)

.fini
 *(SORT_NONE(.fini))
                [!provide]                        PROVIDE (__etext = .)
                [!provide]                        PROVIDE (_etext = .)
                [!provide]                        PROVIDE (etext = .)

.rodata         0x00000000c0002c68       0x1a
 *(.rodata .rodata.* .gnu.linkonce.r.*)
 .rodata        0x00000000c0002c68       0x15 /tmp/ccaWgiCf.o
 *fill*         0x00000000c0002c7d        0x3 
 .rodata.str1.8
                0x00000000c0002c80        0x2 /home/nikhil/git_clones/RISCV_Gnu_Toolchain/riscv64/lib/gcc/riscv64-unknown-elf/9.2.0/../../../../riscv64-unknown-elf/lib/libc.a(lib_a-puts.o)

.rodata1
 *(.rodata1)

.sdata2
 *(.sdata2 .sdata2.* .gnu.linkonce.s2.*)

.sbss2
 *(.sbss2 .sbss2.* .gnu.linkonce.sb2.*)

.eh_frame_hdr
 *(.eh_frame_hdr)
 *(.eh_frame_entry .eh_frame_entry.*)

.eh_frame
 *(.eh_frame)
 *(.eh_frame.*)

.gcc_except_table
 *(.gcc_except_table .gcc_except_table.*)

.gnu_extab
 *(.gnu_extab*)

.exception_ranges
 *(.exception_ranges*)
                0x00000000c0003c82                . = DATA_SEGMENT_ALIGN (CONSTANT (MAXPAGESIZE), CONSTANT (COMMONPAGESIZE))

.eh_frame       0x00000000c0003c84        0x4
 *(.eh_frame)
 .eh_frame      0x00000000c0003c84        0x0 /home/nikhil/git_clones/RISCV_Gnu_Toolchain/riscv64/lib/gcc/riscv64-unknown-elf/9.2.0/crtbegin.o
 .eh_frame      0x00000000c0003c84        0x4 /home/nikhil/git_clones/RISCV_Gnu_Toolchain/riscv64/lib/gcc/riscv64-unknown-elf/9.2.0/crtend.o
 *(.eh_frame.*)

.gnu_extab
 *(.gnu_extab)

.gcc_except_table
 *(.gcc_except_table .gcc_except_table.*)

.exception_ranges
 *(.exception_ranges*)

.tdata          0x00000000c0003c88        0x0
                [!provide]                        PROVIDE (__tdata_start = .)
 *(.tdata .tdata.* .gnu.linkonce.td.*)

.tbss
 *(.tbss .tbss.* .gnu.linkonce.tb.*)
 *(.tcommon)

.preinit_array  0x00000000c0003c88        0x0
                0x00000000c0003c88                PROVIDE (__preinit_array_start = .)
 *(.preinit_array)
                0x00000000c0003c88                PROVIDE (__preinit_array_end = .)

.init_array     0x00000000c0003c88       0x18
                0x00000000c0003c88                PROVIDE (__init_array_start = .)
 *(SORT_BY_INIT_PRIORITY(.init_array.*) SORT_BY_INIT_PRIORITY(.ctors.*))
 .init_array.00000
                0x00000000c0003c88        0x8 /home/nikhil/git_clones/RISCV_Gnu_Toolchain/riscv64/lib/gcc/riscv64-unknown-elf/9.2.0/../../../../riscv64-unknown-elf/lib/libc.a(lib_a-__call_atexit.o)
 *(.init_array EXCLUDE_FILE(*crtend?.o *crtend.o *crtbegin?.o *crtbegin.o) .ctors)
 .init_array    0x00000000c0003c90        0x8 /home/nikhil/git_clones/RISCV_Gnu_Toolchain/riscv64/lib/gcc/riscv64-unknown-elf/9.2.0/crtbegin.o
 .init_array    0x00000000c0003c98        0x8 ./lib/ns16550.o
                0x00000000c0003ca0                PROVIDE (__init_array_end = .)

.fini_array     0x00000000c0003ca0        0x8
                0x00000000c0003ca0                PROVIDE (__fini_array_start = .)
 *(SORT_BY_INIT_PRIORITY(.fini_array.*) SORT_BY_INIT_PRIORITY(.dtors.*))
 *(.fini_array EXCLUDE_FILE(*crtend?.o *crtend.o *crtbegin?.o *crtbegin.o) .dtors)
 .fini_array    0x00000000c0003ca0        0x8 /home/nikhil/git_clones/RISCV_Gnu_Toolchain/riscv64/lib/gcc/riscv64-unknown-elf/9.2.0/crtbegin.o
                0x00000000c0003ca8                PROVIDE (__fini_array_end = .)

.ctors
 *crtbegin.o(.ctors)
 *crtbegin?.o(.ctors)
 *(EXCLUDE_FILE(*crtend?.o *crtend.o) .ctors)
 *(SORT_BY_NAME(.ctors.*))
 *(.ctors)

.dtors
 *crtbegin.o(.dtors)
 *crtbegin?.o(.dtors)
 *(EXCLUDE_FILE(*crtend?.o *crtend.o) .dtors)
 *(SORT_BY_NAME(.dtors.*))
 *(.dtors)

.jcr
 *(.jcr)

.data.rel.ro
 *(.data.rel.ro.local* .gnu.linkonce.d.rel.ro.local.*)
 *(.data.rel.ro .data.rel.ro.* .gnu.linkonce.d.rel.ro.*)

.dynamic
 *(.dynamic)
                0x00000000c0003ca8                . = DATA_SEGMENT_RELRO_END (., 0x0)

.data           0x00000000c0003ca8      0xf58
                0x00000000c0003ca8                __DATA_BEGIN__ = .
 *(.data .data.* .gnu.linkonce.d.*)
 .data          0x00000000c0003ca8        0x0 /home/nikhil/git_clones/RISCV_Gnu_Toolchain/riscv64/lib/gcc/riscv64-unknown-elf/9.2.0/../../../../riscv64-unknown-elf/lib/crt0.o
 .data          0x00000000c0003ca8        0x0 /home/nikhil/git_clones/RISCV_Gnu_Toolchain/riscv64/lib/gcc/riscv64-unknown-elf/9.2.0/crtbegin.o
 .data          0x00000000c0003ca8        0x0 ./lib/startup.o
 .data          0x00000000c0003ca8        0x0 ./lib/syscalls.o
 .data          0x00000000c0003ca8        0x0 ./lib/riscv_counters.o
 .data          0x00000000c0003ca8        0x0 ./lib/ns16550.o
 .data          0x00000000c0003ca8        0x0 /tmp/ccaWgiCf.o
 .data          0x00000000c0003ca8        0x0 /home/nikhil/git_clones/RISCV_Gnu_Toolchain/riscv64/lib/gcc/riscv64-unknown-elf/9.2.0/../../../../riscv64-unknown-elf/lib/libc.a(lib_a-errno.o)
 .data          0x00000000c0003ca8        0x0 /home/nikhil/git_clones/RISCV_Gnu_Toolchain/riscv64/lib/gcc/riscv64-unknown-elf/9.2.0/../../../../riscv64-unknown-elf/lib/libc.a(lib_a-exit.o)
 .data          0x00000000c0003ca8      0x748 /home/nikhil/git_clones/RISCV_Gnu_Toolchain/riscv64/lib/gcc/riscv64-unknown-elf/9.2.0/../../../../riscv64-unknown-elf/lib/libc.a(lib_a-impure.o)
 .data          0x00000000c00043f0        0x0 /home/nikhil/git_clones/RISCV_Gnu_Toolchain/riscv64/lib/gcc/riscv64-unknown-elf/9.2.0/../../../../riscv64-unknown-elf/lib/libc.a(lib_a-init.o)
 .data          0x00000000c00043f0        0x0 /home/nikhil/git_clones/RISCV_Gnu_Toolchain/riscv64/lib/gcc/riscv64-unknown-elf/9.2.0/../../../../riscv64-unknown-elf/lib/libc.a(lib_a-memset.o)
 .data          0x00000000c00043f0        0x0 /home/nikhil/git_clones/RISCV_Gnu_Toolchain/riscv64/lib/gcc/riscv64-unknown-elf/9.2.0/../../../../riscv64-unknown-elf/lib/libc.a(lib_a-puts.o)
 .data          0x00000000c00043f0        0x0 /home/nikhil/git_clones/RISCV_Gnu_Toolchain/riscv64/lib/gcc/riscv64-unknown-elf/9.2.0/../../../../riscv64-unknown-elf/lib/libc.a(lib_a-strlen.o)
 .data          0x00000000c00043f0        0x0 /home/nikhil/git_clones/RISCV_Gnu_Toolchain/riscv64/lib/gcc/riscv64-unknown-elf/9.2.0/../../../../riscv64-unknown-elf/lib/libc.a(lib_a-__call_atexit.o)
 .data          0x00000000c00043f0        0x0 /home/nikhil/git_clones/RISCV_Gnu_Toolchain/riscv64/lib/gcc/riscv64-unknown-elf/9.2.0/../../../../riscv64-unknown-elf/lib/libc.a(lib_a-findfp.o)
 .data          0x00000000c00043f0        0x0 /home/nikhil/git_clones/RISCV_Gnu_Toolchain/riscv64/lib/gcc/riscv64-unknown-elf/9.2.0/../../../../riscv64-unknown-elf/lib/libc.a(lib_a-fini.o)
 .data          0x00000000c00043f0        0x0 /home/nikhil/git_clones/RISCV_Gnu_Toolchain/riscv64/lib/gcc/riscv64-unknown-elf/9.2.0/../../../../riscv64-unknown-elf/lib/libc.a(lib_a-fvwrite.o)
 .data          0x00000000c00043f0        0x0 /home/nikhil/git_clones/RISCV_Gnu_Toolchain/riscv64/lib/gcc/riscv64-unknown-elf/9.2.0/../../../../riscv64-unknown-elf/lib/libc.a(lib_a-fwalk.o)
 .data          0x00000000c00043f0      0x810 /home/nikhil/git_clones/RISCV_Gnu_Toolchain/riscv64/lib/gcc/riscv64-unknown-elf/9.2.0/../../../../riscv64-unknown-elf/lib/libc.a(lib_a-mallocr.o)
                0x00000000c00043f0                __malloc_av_
 .data          0x00000000c0004c00        0x0 /home/nikhil/git_clones/RISCV_Gnu_Toolchain/riscv64/lib/gcc/riscv64-unknown-elf/9.2.0/../../../../riscv64-unknown-elf/lib/libc.a(lib_a-memchr.o)
 .data          0x00000000c0004c00        0x0 /home/nikhil/git_clones/RISCV_Gnu_Toolchain/riscv64/lib/gcc/riscv64-unknown-elf/9.2.0/../../../../riscv64-unknown-elf/lib/libc.a(lib_a-memcpy.o)
 .data          0x00000000c0004c00        0x0 /home/nikhil/git_clones/RISCV_Gnu_Toolchain/riscv64/lib/gcc/riscv64-unknown-elf/9.2.0/../../../../riscv64-unknown-elf/lib/libc.a(lib_a-memmove-stub.o)
 .data          0x00000000c0004c00        0x0 /home/nikhil/git_clones/RISCV_Gnu_Toolchain/riscv64/lib/gcc/riscv64-unknown-elf/9.2.0/../../../../riscv64-unknown-elf/lib/libc.a(lib_a-mlock.o)
 .data          0x00000000c0004c00        0x0 /home/nikhil/git_clones/RISCV_Gnu_Toolchain/riscv64/lib/gcc/riscv64-unknown-elf/9.2.0/../../../../riscv64-unknown-elf/lib/libc.a(lib_a-reallocr.o)
 .data          0x00000000c0004c00        0x0 /home/nikhil/git_clones/RISCV_Gnu_Toolchain/riscv64/lib/gcc/riscv64-unknown-elf/9.2.0/../../../../riscv64-unknown-elf/lib/libc.a(lib_a-sbrkr.o)
 .data          0x00000000c0004c00        0x0 /home/nikhil/git_clones/RISCV_Gnu_Toolchain/riscv64/lib/gcc/riscv64-unknown-elf/9.2.0/../../../../riscv64-unknown-elf/lib/libc.a(lib_a-stdio.o)
 .data          0x00000000c0004c00        0x0 /home/nikhil/git_clones/RISCV_Gnu_Toolchain/riscv64/lib/gcc/riscv64-unknown-elf/9.2.0/../../../../riscv64-unknown-elf/lib/libc.a(lib_a-writer.o)
 .data          0x00000000c0004c00        0x0 /home/nikhil/git_clones/RISCV_Gnu_Toolchain/riscv64/lib/gcc/riscv64-unknown-elf/9.2.0/../../../../riscv64-unknown-elf/lib/libc.a(lib_a-wsetup.o)
 .data          0x00000000c0004c00        0x0 /home/nikhil/git_clones/RISCV_Gnu_Toolchain/riscv64/lib/gcc/riscv64-unknown-elf/9.2.0/../../../../riscv64-unknown-elf/lib/libc.a(lib_a-atexit.o)
 .data          0x00000000c0004c00        0x0 /home/nikhil/git_clones/RISCV_Gnu_Toolchain/riscv64/lib/gcc/riscv64-unknown-elf/9.2.0/../../../../riscv64-unknown-elf/lib/libc.a(lib_a-closer.o)
 .data          0x00000000c0004c00        0x0 /home/nikhil/git_clones/RISCV_Gnu_Toolchain/riscv64/lib/gcc/riscv64-unknown-elf/9.2.0/../../../../riscv64-unknown-elf/lib/libc.a(lib_a-fclose.o)
 .data          0x00000000c0004c00        0x0 /home/nikhil/git_clones/RISCV_Gnu_Toolchain/riscv64/lib/gcc/riscv64-unknown-elf/9.2.0/../../../../riscv64-unknown-elf/lib/libc.a(lib_a-fflush.o)
 .data          0x00000000c0004c00        0x0 /home/nikhil/git_clones/RISCV_Gnu_Toolchain/riscv64/lib/gcc/riscv64-unknown-elf/9.2.0/../../../../riscv64-unknown-elf/lib/libc.a(lib_a-freer.o)
 .data          0x00000000c0004c00        0x0 /home/nikhil/git_clones/RISCV_Gnu_Toolchain/riscv64/lib/gcc/riscv64-unknown-elf/9.2.0/../../../../riscv64-unknown-elf/lib/libc.a(lib_a-lseekr.o)
 .data          0x00000000c0004c00        0x0 /home/nikhil/git_clones/RISCV_Gnu_Toolchain/riscv64/lib/gcc/riscv64-unknown-elf/9.2.0/../../../../riscv64-unknown-elf/lib/libc.a(lib_a-makebuf.o)
 .data          0x00000000c0004c00        0x0 /home/nikhil/git_clones/RISCV_Gnu_Toolchain/riscv64/lib/gcc/riscv64-unknown-elf/9.2.0/../../../../riscv64-unknown-elf/lib/libc.a(lib_a-readr.o)
 .data          0x00000000c0004c00        0x0 /home/nikhil/git_clones/RISCV_Gnu_Toolchain/riscv64/lib/gcc/riscv64-unknown-elf/9.2.0/../../../../riscv64-unknown-elf/lib/libc.a(lib_a-reent.o)
 .data          0x00000000c0004c00        0x0 /home/nikhil/git_clones/RISCV_Gnu_Toolchain/riscv64/lib/gcc/riscv64-unknown-elf/9.2.0/../../../../riscv64-unknown-elf/lib/libc.a(lib_a-__atexit.o)
 .data          0x00000000c0004c00        0x0 /home/nikhil/git_clones/RISCV_Gnu_Toolchain/riscv64/lib/gcc/riscv64-unknown-elf/9.2.0/../../../../riscv64-unknown-elf/lib/libc.a(lib_a-fstatr.o)
 .data          0x00000000c0004c00        0x0 /home/nikhil/git_clones/RISCV_Gnu_Toolchain/riscv64/lib/gcc/riscv64-unknown-elf/9.2.0/../../../../riscv64-unknown-elf/lib/libc.a(lib_a-isattyr.o)
 .data          0x00000000c0004c00        0x0 /home/nikhil/git_clones/RISCV_Gnu_Toolchain/riscv64/lib/gcc/riscv64-unknown-elf/9.2.0/../../../../riscv64-unknown-elf/lib/libnosys.a(_exit.o)
 .data          0x00000000c0004c00        0x0 /home/nikhil/git_clones/RISCV_Gnu_Toolchain/riscv64/lib/gcc/riscv64-unknown-elf/9.2.0/crtend.o

.data1
 *(.data1)

.got
 *(.got.plt)
 *(.igot.plt)
 *(.got)
 *(.igot)

.sdata          0x00000000c0004c00       0x48
                0x00000000c0004c00                __SDATA_BEGIN__ = .
 *(.srodata.cst16)
 *(.srodata.cst8)
 .srodata.cst8  0x00000000c0004c00        0x8 /home/nikhil/git_clones/RISCV_Gnu_Toolchain/riscv64/lib/gcc/riscv64-unknown-elf/9.2.0/../../../../riscv64-unknown-elf/lib/libc.a(lib_a-strlen.o)
 .srodata.cst8  0x00000000c0004c08       0x10 /home/nikhil/git_clones/RISCV_Gnu_Toolchain/riscv64/lib/gcc/riscv64-unknown-elf/9.2.0/../../../../riscv64-unknown-elf/lib/libc.a(lib_a-memchr.o)
 *(.srodata.cst4)
 *(.srodata.cst2)
 *(.srodata .srodata.*)
 .srodata       0x00000000c0004c18        0x8 /home/nikhil/git_clones/RISCV_Gnu_Toolchain/riscv64/lib/gcc/riscv64-unknown-elf/9.2.0/../../../../riscv64-unknown-elf/lib/libc.a(lib_a-impure.o)
                0x00000000c0004c18                _global_impure_ptr
 *(.sdata .sdata.* .gnu.linkonce.s.*)
 .sdata         0x00000000c0004c20        0x8 /home/nikhil/git_clones/RISCV_Gnu_Toolchain/riscv64/lib/gcc/riscv64-unknown-elf/9.2.0/crtbegin.o
                0x00000000c0004c20                __dso_handle
 .sdata         0x00000000c0004c28        0x8 ./lib/ns16550.o
 .sdata         0x00000000c0004c30        0x8 /home/nikhil/git_clones/RISCV_Gnu_Toolchain/riscv64/lib/gcc/riscv64-unknown-elf/9.2.0/../../../../riscv64-unknown-elf/lib/libc.a(lib_a-impure.o)
                0x00000000c0004c30                _impure_ptr
 .sdata         0x00000000c0004c38       0x10 /home/nikhil/git_clones/RISCV_Gnu_Toolchain/riscv64/lib/gcc/riscv64-unknown-elf/9.2.0/../../../../riscv64-unknown-elf/lib/libc.a(lib_a-mallocr.o)
                0x00000000c0004c38                __malloc_sbrk_base
                0x00000000c0004c40                __malloc_trim_threshold
                0x00000000c0004c48                _edata = .
                [!provide]                        PROVIDE (edata = .)
                0x00000000c0004c48                . = .
                0x00000000c0004c48                __bss_start = .

.sbss           0x00000000c0004c48       0x18
 *(.dynsbss)
 *(.sbss .sbss.* .gnu.linkonce.sb.*)
 .sbss          0x00000000c0004c48       0x18 /home/nikhil/git_clones/RISCV_Gnu_Toolchain/riscv64/lib/gcc/riscv64-unknown-elf/9.2.0/../../../../riscv64-unknown-elf/lib/libc.a(lib_a-mallocr.o)
                0x00000000c0004c48                __malloc_max_total_mem
                0x00000000c0004c50                __malloc_max_sbrked_mem
                0x00000000c0004c58                __malloc_top_pad
 *(.scommon)

.bss            0x00000000c0004c60       0x68
 *(.dynbss)
 *(.bss .bss.* .gnu.linkonce.b.*)
 .bss           0x00000000c0004c60        0x0 /home/nikhil/git_clones/RISCV_Gnu_Toolchain/riscv64/lib/gcc/riscv64-unknown-elf/9.2.0/../../../../riscv64-unknown-elf/lib/crt0.o
 .bss           0x00000000c0004c60       0x38 /home/nikhil/git_clones/RISCV_Gnu_Toolchain/riscv64/lib/gcc/riscv64-unknown-elf/9.2.0/crtbegin.o
 .bss           0x00000000c0004c98        0x0 ./lib/startup.o
 .bss           0x00000000c0004c98        0x0 ./lib/syscalls.o
 .bss           0x00000000c0004c98        0x0 ./lib/riscv_counters.o
 .bss           0x00000000c0004c98        0x0 ./lib/ns16550.o
 .bss           0x00000000c0004c98        0x0 /tmp/ccaWgiCf.o
 .bss           0x00000000c0004c98        0x0 /home/nikhil/git_clones/RISCV_Gnu_Toolchain/riscv64/lib/gcc/riscv64-unknown-elf/9.2.0/../../../../riscv64-unknown-elf/lib/libc.a(lib_a-errno.o)
 .bss           0x00000000c0004c98        0x0 /home/nikhil/git_clones/RISCV_Gnu_Toolchain/riscv64/lib/gcc/riscv64-unknown-elf/9.2.0/../../../../riscv64-unknown-elf/lib/libc.a(lib_a-exit.o)
 .bss           0x00000000c0004c98        0x0 /home/nikhil/git_clones/RISCV_Gnu_Toolchain/riscv64/lib/gcc/riscv64-unknown-elf/9.2.0/../../../../riscv64-unknown-elf/lib/libc.a(lib_a-impure.o)
 .bss           0x00000000c0004c98        0x0 /home/nikhil/git_clones/RISCV_Gnu_Toolchain/riscv64/lib/gcc/riscv64-unknown-elf/9.2.0/../../../../riscv64-unknown-elf/lib/libc.a(lib_a-init.o)
 .bss           0x00000000c0004c98        0x0 /home/nikhil/git_clones/RISCV_Gnu_Toolchain/riscv64/lib/gcc/riscv64-unknown-elf/9.2.0/../../../../riscv64-unknown-elf/lib/libc.a(lib_a-memset.o)
 .bss           0x00000000c0004c98        0x0 /home/nikhil/git_clones/RISCV_Gnu_Toolchain/riscv64/lib/gcc/riscv64-unknown-elf/9.2.0/../../../../riscv64-unknown-elf/lib/libc.a(lib_a-puts.o)
 .bss           0x00000000c0004c98        0x0 /home/nikhil/git_clones/RISCV_Gnu_Toolchain/riscv64/lib/gcc/riscv64-unknown-elf/9.2.0/../../../../riscv64-unknown-elf/lib/libc.a(lib_a-strlen.o)
 .bss           0x00000000c0004c98        0x0 /home/nikhil/git_clones/RISCV_Gnu_Toolchain/riscv64/lib/gcc/riscv64-unknown-elf/9.2.0/../../../../riscv64-unknown-elf/lib/libc.a(lib_a-__call_atexit.o)
 .bss           0x00000000c0004c98        0x0 /home/nikhil/git_clones/RISCV_Gnu_Toolchain/riscv64/lib/gcc/riscv64-unknown-elf/9.2.0/../../../../riscv64-unknown-elf/lib/libc.a(lib_a-findfp.o)
 .bss           0x00000000c0004c98        0x0 /home/nikhil/git_clones/RISCV_Gnu_Toolchain/riscv64/lib/gcc/riscv64-unknown-elf/9.2.0/../../../../riscv64-unknown-elf/lib/libc.a(lib_a-fini.o)
 .bss           0x00000000c0004c98        0x0 /home/nikhil/git_clones/RISCV_Gnu_Toolchain/riscv64/lib/gcc/riscv64-unknown-elf/9.2.0/../../../../riscv64-unknown-elf/lib/libc.a(lib_a-fvwrite.o)
 .bss           0x00000000c0004c98        0x0 /home/nikhil/git_clones/RISCV_Gnu_Toolchain/riscv64/lib/gcc/riscv64-unknown-elf/9.2.0/../../../../riscv64-unknown-elf/lib/libc.a(lib_a-fwalk.o)
 .bss           0x00000000c0004c98       0x28 /home/nikhil/git_clones/RISCV_Gnu_Toolchain/riscv64/lib/gcc/riscv64-unknown-elf/9.2.0/../../../../riscv64-unknown-elf/lib/libc.a(lib_a-mallocr.o)
                0x00000000c0004c98                __malloc_current_mallinfo
 .bss           0x00000000c0004cc0        0x0 /home/nikhil/git_clones/RISCV_Gnu_Toolchain/riscv64/lib/gcc/riscv64-unknown-elf/9.2.0/../../../../riscv64-unknown-elf/lib/libc.a(lib_a-memchr.o)
 .bss           0x00000000c0004cc0        0x0 /home/nikhil/git_clones/RISCV_Gnu_Toolchain/riscv64/lib/gcc/riscv64-unknown-elf/9.2.0/../../../../riscv64-unknown-elf/lib/libc.a(lib_a-memcpy.o)
 .bss           0x00000000c0004cc0        0x0 /home/nikhil/git_clones/RISCV_Gnu_Toolchain/riscv64/lib/gcc/riscv64-unknown-elf/9.2.0/../../../../riscv64-unknown-elf/lib/libc.a(lib_a-memmove-stub.o)
 .bss           0x00000000c0004cc0        0x0 /home/nikhil/git_clones/RISCV_Gnu_Toolchain/riscv64/lib/gcc/riscv64-unknown-elf/9.2.0/../../../../riscv64-unknown-elf/lib/libc.a(lib_a-mlock.o)
 .bss           0x00000000c0004cc0        0x0 /home/nikhil/git_clones/RISCV_Gnu_Toolchain/riscv64/lib/gcc/riscv64-unknown-elf/9.2.0/../../../../riscv64-unknown-elf/lib/libc.a(lib_a-reallocr.o)
 .bss           0x00000000c0004cc0        0x0 /home/nikhil/git_clones/RISCV_Gnu_Toolchain/riscv64/lib/gcc/riscv64-unknown-elf/9.2.0/../../../../riscv64-unknown-elf/lib/libc.a(lib_a-sbrkr.o)
 .bss           0x00000000c0004cc0        0x0 /home/nikhil/git_clones/RISCV_Gnu_Toolchain/riscv64/lib/gcc/riscv64-unknown-elf/9.2.0/../../../../riscv64-unknown-elf/lib/libc.a(lib_a-stdio.o)
 .bss           0x00000000c0004cc0        0x0 /home/nikhil/git_clones/RISCV_Gnu_Toolchain/riscv64/lib/gcc/riscv64-unknown-elf/9.2.0/../../../../riscv64-unknown-elf/lib/libc.a(lib_a-writer.o)
 .bss           0x00000000c0004cc0        0x0 /home/nikhil/git_clones/RISCV_Gnu_Toolchain/riscv64/lib/gcc/riscv64-unknown-elf/9.2.0/../../../../riscv64-unknown-elf/lib/libc.a(lib_a-wsetup.o)
 .bss           0x00000000c0004cc0        0x0 /home/nikhil/git_clones/RISCV_Gnu_Toolchain/riscv64/lib/gcc/riscv64-unknown-elf/9.2.0/../../../../riscv64-unknown-elf/lib/libc.a(lib_a-atexit.o)
 .bss           0x00000000c0004cc0        0x0 /home/nikhil/git_clones/RISCV_Gnu_Toolchain/riscv64/lib/gcc/riscv64-unknown-elf/9.2.0/../../../../riscv64-unknown-elf/lib/libc.a(lib_a-closer.o)
 .bss           0x00000000c0004cc0        0x0 /home/nikhil/git_clones/RISCV_Gnu_Toolchain/riscv64/lib/gcc/riscv64-unknown-elf/9.2.0/../../../../riscv64-unknown-elf/lib/libc.a(lib_a-fclose.o)
 .bss           0x00000000c0004cc0        0x0 /home/nikhil/git_clones/RISCV_Gnu_Toolchain/riscv64/lib/gcc/riscv64-unknown-elf/9.2.0/../../../../riscv64-unknown-elf/lib/libc.a(lib_a-fflush.o)
 .bss           0x00000000c0004cc0        0x0 /home/nikhil/git_clones/RISCV_Gnu_Toolchain/riscv64/lib/gcc/riscv64-unknown-elf/9.2.0/../../../../riscv64-unknown-elf/lib/libc.a(lib_a-freer.o)
 .bss           0x00000000c0004cc0        0x0 /home/nikhil/git_clones/RISCV_Gnu_Toolchain/riscv64/lib/gcc/riscv64-unknown-elf/9.2.0/../../../../riscv64-unknown-elf/lib/libc.a(lib_a-lseekr.o)
 .bss           0x00000000c0004cc0        0x0 /home/nikhil/git_clones/RISCV_Gnu_Toolchain/riscv64/lib/gcc/riscv64-unknown-elf/9.2.0/../../../../riscv64-unknown-elf/lib/libc.a(lib_a-makebuf.o)
 .bss           0x00000000c0004cc0        0x0 /home/nikhil/git_clones/RISCV_Gnu_Toolchain/riscv64/lib/gcc/riscv64-unknown-elf/9.2.0/../../../../riscv64-unknown-elf/lib/libc.a(lib_a-readr.o)
 .bss           0x00000000c0004cc0        0x0 /home/nikhil/git_clones/RISCV_Gnu_Toolchain/riscv64/lib/gcc/riscv64-unknown-elf/9.2.0/../../../../riscv64-unknown-elf/lib/libc.a(lib_a-reent.o)
 .bss           0x00000000c0004cc0        0x0 /home/nikhil/git_clones/RISCV_Gnu_Toolchain/riscv64/lib/gcc/riscv64-unknown-elf/9.2.0/../../../../riscv64-unknown-elf/lib/libc.a(lib_a-__atexit.o)
 .bss           0x00000000c0004cc0        0x0 /home/nikhil/git_clones/RISCV_Gnu_Toolchain/riscv64/lib/gcc/riscv64-unknown-elf/9.2.0/../../../../riscv64-unknown-elf/lib/libc.a(lib_a-fstatr.o)
 .bss           0x00000000c0004cc0        0x0 /home/nikhil/git_clones/RISCV_Gnu_Toolchain/riscv64/lib/gcc/riscv64-unknown-elf/9.2.0/../../../../riscv64-unknown-elf/lib/libc.a(lib_a-isattyr.o)
 .bss           0x00000000c0004cc0        0x0 /home/nikhil/git_clones/RISCV_Gnu_Toolchain/riscv64/lib/gcc/riscv64-unknown-elf/9.2.0/../../../../riscv64-unknown-elf/lib/libnosys.a(_exit.o)
 .bss           0x00000000c0004cc0        0x0 /home/nikhil/git_clones/RISCV_Gnu_Toolchain/riscv64/lib/gcc/riscv64-unknown-elf/9.2.0/crtend.o
 *(COMMON)
 COMMON         0x00000000c0004cc0        0x4 /home/nikhil/git_clones/RISCV_Gnu_Toolchain/riscv64/lib/gcc/riscv64-unknown-elf/9.2.0/../../../../riscv64-unknown-elf/lib/libc.a(lib_a-reent.o)
                0x00000000c0004cc0                errno
                0x00000000c0004cc8                . = ALIGN ((. != 0x0)?0x8:0x1)
 *fill*         0x00000000c0004cc4        0x4 
LOAD /home/nikhil/git_clones/RISCV_Gnu_Toolchain/riscv64/lib/gcc/riscv64-unknown-elf/9.2.0/../../../../riscv64-unknown-elf/lib/crt0.o
LOAD /home/nikhil/git_clones/RISCV_Gnu_Toolchain/riscv64/lib/gcc/riscv64-unknown-elf/9.2.0/crtbegin.o
                0x00000000c0004cc8                __startup_save = .

.startup        0x00000000c0000000       0x5c
 startup.o(.text)
 .text          0x00000000c0000000       0x5c ./lib/startup.o
                0x00000000c0000000                _reset
                0x00000000bffff000                . = 0xbffff000

.tohost         0x00000000bffff000        0x8
 *(.tohost)
 .tohost        0x00000000bffff000        0x8 ./lib/startup.o
                0x00000000bffff000                tohost
                0x00000000c0004cc8                . = __startup_save
                0x00000000c0004cc8                . = ALIGN (0x8)
                0x00000000c0004cc8                . = SEGMENT_START ("ldata-segment", .)
                0x00000000c0004cc8                . = ALIGN (0x8)
                0x00000000c0004cc8                __BSS_END__ = .
                0x00000000c00044c8                __global_pointer$ = MIN ((__SDATA_BEGIN__ + 0x800), MAX ((__DATA_BEGIN__ + 0x800), (__BSS_END__ - 0x800)))
                0x00000000c0004cc8                _end = .
                [!provide]                        PROVIDE (end = .)
                0x00000000c0004cc8                . = DATA_SEGMENT_END (.)

.stab
 *(.stab)

.stabstr
 *(.stabstr)

.stab.excl
 *(.stab.excl)

.stab.exclstr
 *(.stab.exclstr)

.stab.index
 *(.stab.index)

.stab.indexstr
 *(.stab.indexstr)

.comment        0x0000000000000000       0x11
 *(.comment)
 .comment       0x0000000000000000       0x11 /home/nikhil/git_clones/RISCV_Gnu_Toolchain/riscv64/lib/gcc/riscv64-unknown-elf/9.2.0/crtbegin.o
                                         0x12 (size before relaxing)
 .comment       0x0000000000000011       0x12 ./lib/syscalls.o
 .comment       0x0000000000000011       0x12 ./lib/riscv_counters.o
 .comment       0x0000000000000011       0x12 ./lib/ns16550.o
 .comment       0x0000000000000011       0x12 /tmp/ccaWgiCf.o
 .comment       0x0000000000000011       0x12 /home/nikhil/git_clones/RISCV_Gnu_Toolchain/riscv64/lib/gcc/riscv64-unknown-elf/9.2.0/../../../../riscv64-unknown-elf/lib/libc.a(lib_a-errno.o)
 .comment       0x0000000000000011       0x12 /home/nikhil/git_clones/RISCV_Gnu_Toolchain/riscv64/lib/gcc/riscv64-unknown-elf/9.2.0/../../../../riscv64-unknown-elf/lib/libc.a(lib_a-exit.o)
 .comment       0x0000000000000011       0x12 /home/nikhil/git_clones/RISCV_Gnu_Toolchain/riscv64/lib/gcc/riscv64-unknown-elf/9.2.0/../../../../riscv64-unknown-elf/lib/libc.a(lib_a-impure.o)
 .comment       0x0000000000000011       0x12 /home/nikhil/git_clones/RISCV_Gnu_Toolchain/riscv64/lib/gcc/riscv64-unknown-elf/9.2.0/../../../../riscv64-unknown-elf/lib/libc.a(lib_a-init.o)
 .comment       0x0000000000000011       0x12 /home/nikhil/git_clones/RISCV_Gnu_Toolchain/riscv64/lib/gcc/riscv64-unknown-elf/9.2.0/../../../../riscv64-unknown-elf/lib/libc.a(lib_a-puts.o)
 .comment       0x0000000000000011       0x12 /home/nikhil/git_clones/RISCV_Gnu_Toolchain/riscv64/lib/gcc/riscv64-unknown-elf/9.2.0/../../../../riscv64-unknown-elf/lib/libc.a(lib_a-strlen.o)
 .comment       0x0000000000000011       0x12 /home/nikhil/git_clones/RISCV_Gnu_Toolchain/riscv64/lib/gcc/riscv64-unknown-elf/9.2.0/../../../../riscv64-unknown-elf/lib/libc.a(lib_a-__call_atexit.o)
 .comment       0x0000000000000011       0x12 /home/nikhil/git_clones/RISCV_Gnu_Toolchain/riscv64/lib/gcc/riscv64-unknown-elf/9.2.0/../../../../riscv64-unknown-elf/lib/libc.a(lib_a-findfp.o)
 .comment       0x0000000000000011       0x12 /home/nikhil/git_clones/RISCV_Gnu_Toolchain/riscv64/lib/gcc/riscv64-unknown-elf/9.2.0/../../../../riscv64-unknown-elf/lib/libc.a(lib_a-fini.o)
 .comment       0x0000000000000011       0x12 /home/nikhil/git_clones/RISCV_Gnu_Toolchain/riscv64/lib/gcc/riscv64-unknown-elf/9.2.0/../../../../riscv64-unknown-elf/lib/libc.a(lib_a-fvwrite.o)
 .comment       0x0000000000000011       0x12 /home/nikhil/git_clones/RISCV_Gnu_Toolchain/riscv64/lib/gcc/riscv64-unknown-elf/9.2.0/../../../../riscv64-unknown-elf/lib/libc.a(lib_a-fwalk.o)
 .comment       0x0000000000000011       0x12 /home/nikhil/git_clones/RISCV_Gnu_Toolchain/riscv64/lib/gcc/riscv64-unknown-elf/9.2.0/../../../../riscv64-unknown-elf/lib/libc.a(lib_a-mallocr.o)
 .comment       0x0000000000000011       0x12 /home/nikhil/git_clones/RISCV_Gnu_Toolchain/riscv64/lib/gcc/riscv64-unknown-elf/9.2.0/../../../../riscv64-unknown-elf/lib/libc.a(lib_a-memchr.o)
 .comment       0x0000000000000011       0x12 /home/nikhil/git_clones/RISCV_Gnu_Toolchain/riscv64/lib/gcc/riscv64-unknown-elf/9.2.0/../../../../riscv64-unknown-elf/lib/libc.a(lib_a-memcpy.o)
 .comment       0x0000000000000011       0x12 /home/nikhil/git_clones/RISCV_Gnu_Toolchain/riscv64/lib/gcc/riscv64-unknown-elf/9.2.0/../../../../riscv64-unknown-elf/lib/libc.a(lib_a-memmove-stub.o)
 .comment       0x0000000000000011       0x12 /home/nikhil/git_clones/RISCV_Gnu_Toolchain/riscv64/lib/gcc/riscv64-unknown-elf/9.2.0/../../../../riscv64-unknown-elf/lib/libc.a(lib_a-mlock.o)
 .comment       0x0000000000000011       0x12 /home/nikhil/git_clones/RISCV_Gnu_Toolchain/riscv64/lib/gcc/riscv64-unknown-elf/9.2.0/../../../../riscv64-unknown-elf/lib/libc.a(lib_a-reallocr.o)
 .comment       0x0000000000000011       0x12 /home/nikhil/git_clones/RISCV_Gnu_Toolchain/riscv64/lib/gcc/riscv64-unknown-elf/9.2.0/../../../../riscv64-unknown-elf/lib/libc.a(lib_a-sbrkr.o)
 .comment       0x0000000000000011       0x12 /home/nikhil/git_clones/RISCV_Gnu_Toolchain/riscv64/lib/gcc/riscv64-unknown-elf/9.2.0/../../../../riscv64-unknown-elf/lib/libc.a(lib_a-stdio.o)
 .comment       0x0000000000000011       0x12 /home/nikhil/git_clones/RISCV_Gnu_Toolchain/riscv64/lib/gcc/riscv64-unknown-elf/9.2.0/../../../../riscv64-unknown-elf/lib/libc.a(lib_a-writer.o)
 .comment       0x0000000000000011       0x12 /home/nikhil/git_clones/RISCV_Gnu_Toolchain/riscv64/lib/gcc/riscv64-unknown-elf/9.2.0/../../../../riscv64-unknown-elf/lib/libc.a(lib_a-wsetup.o)
 .comment       0x0000000000000011       0x12 /home/nikhil/git_clones/RISCV_Gnu_Toolchain/riscv64/lib/gcc/riscv64-unknown-elf/9.2.0/../../../../riscv64-unknown-elf/lib/libc.a(lib_a-atexit.o)
 .comment       0x0000000000000011       0x12 /home/nikhil/git_clones/RISCV_Gnu_Toolchain/riscv64/lib/gcc/riscv64-unknown-elf/9.2.0/../../../../riscv64-unknown-elf/lib/libc.a(lib_a-closer.o)
 .comment       0x0000000000000011       0x12 /home/nikhil/git_clones/RISCV_Gnu_Toolchain/riscv64/lib/gcc/riscv64-unknown-elf/9.2.0/../../../../riscv64-unknown-elf/lib/libc.a(lib_a-fclose.o)
 .comment       0x0000000000000011       0x12 /home/nikhil/git_clones/RISCV_Gnu_Toolchain/riscv64/lib/gcc/riscv64-unknown-elf/9.2.0/../../../../riscv64-unknown-elf/lib/libc.a(lib_a-fflush.o)
 .comment       0x0000000000000011       0x12 /home/nikhil/git_clones/RISCV_Gnu_Toolchain/riscv64/lib/gcc/riscv64-unknown-elf/9.2.0/../../../../riscv64-unknown-elf/lib/libc.a(lib_a-freer.o)
 .comment       0x0000000000000011       0x12 /home/nikhil/git_clones/RISCV_Gnu_Toolchain/riscv64/lib/gcc/riscv64-unknown-elf/9.2.0/../../../../riscv64-unknown-elf/lib/libc.a(lib_a-lseekr.o)
 .comment       0x0000000000000011       0x12 /home/nikhil/git_clones/RISCV_Gnu_Toolchain/riscv64/lib/gcc/riscv64-unknown-elf/9.2.0/../../../../riscv64-unknown-elf/lib/libc.a(lib_a-makebuf.o)
 .comment       0x0000000000000011       0x12 /home/nikhil/git_clones/RISCV_Gnu_Toolchain/riscv64/lib/gcc/riscv64-unknown-elf/9.2.0/../../../../riscv64-unknown-elf/lib/libc.a(lib_a-readr.o)
 .comment       0x0000000000000011       0x12 /home/nikhil/git_clones/RISCV_Gnu_Toolchain/riscv64/lib/gcc/riscv64-unknown-elf/9.2.0/../../../../riscv64-unknown-elf/lib/libc.a(lib_a-reent.o)
 .comment       0x0000000000000011       0x12 /home/nikhil/git_clones/RISCV_Gnu_Toolchain/riscv64/lib/gcc/riscv64-unknown-elf/9.2.0/../../../../riscv64-unknown-elf/lib/libc.a(lib_a-__atexit.o)
 .comment       0x0000000000000011       0x12 /home/nikhil/git_clones/RISCV_Gnu_Toolchain/riscv64/lib/gcc/riscv64-unknown-elf/9.2.0/../../../../riscv64-unknown-elf/lib/libc.a(lib_a-fstatr.o)
 .comment       0x0000000000000011       0x12 /home/nikhil/git_clones/RISCV_Gnu_Toolchain/riscv64/lib/gcc/riscv64-unknown-elf/9.2.0/../../../../riscv64-unknown-elf/lib/libc.a(lib_a-isattyr.o)
 .comment       0x0000000000000011       0x12 /home/nikhil/git_clones/RISCV_Gnu_Toolchain/riscv64/lib/gcc/riscv64-unknown-elf/9.2.0/../../../../riscv64-unknown-elf/lib/libnosys.a(_exit.o)
 .comment       0x0000000000000011       0x12 /home/nikhil/git_clones/RISCV_Gnu_Toolchain/riscv64/lib/gcc/riscv64-unknown-elf/9.2.0/crtend.o

.riscv.attributes
                0x0000000000000000       0x35
 .riscv.attributes
                0x0000000000000000       0x33 /home/nikhil/git_clones/RISCV_Gnu_Toolchain/riscv64/lib/gcc/riscv64-unknown-elf/9.2.0/../../../../riscv64-unknown-elf/lib/crt0.o
 .riscv.attributes
                0x0000000000000033       0x35 /home/nikhil/git_clones/RISCV_Gnu_Toolchain/riscv64/lib/gcc/riscv64-unknown-elf/9.2.0/crtbegin.o
 .riscv.attributes
                0x0000000000000068       0x2e ./lib/startup.o
 .riscv.attributes
                0x0000000000000096       0x30 ./lib/syscalls.o
 .riscv.attributes
                0x00000000000000c6       0x30 ./lib/riscv_counters.o
 .riscv.attributes
                0x00000000000000f6       0x30 ./lib/ns16550.o
 .riscv.attributes
                0x0000000000000126       0x30 /tmp/ccaWgiCf.o
 .riscv.attributes
                0x0000000000000156       0x35 /home/nikhil/git_clones/RISCV_Gnu_Toolchain/riscv64/lib/gcc/riscv64-unknown-elf/9.2.0/../../../../riscv64-unknown-elf/lib/libc.a(lib_a-errno.o)
 .riscv.attributes
                0x000000000000018b       0x35 /home/nikhil/git_clones/RISCV_Gnu_Toolchain/riscv64/lib/gcc/riscv64-unknown-elf/9.2.0/../../../../riscv64-unknown-elf/lib/libc.a(lib_a-exit.o)
 .riscv.attributes
                0x00000000000001c0       0x35 /home/nikhil/git_clones/RISCV_Gnu_Toolchain/riscv64/lib/gcc/riscv64-unknown-elf/9.2.0/../../../../riscv64-unknown-elf/lib/libc.a(lib_a-impure.o)
 .riscv.attributes
                0x00000000000001f5       0x35 /home/nikhil/git_clones/RISCV_Gnu_Toolchain/riscv64/lib/gcc/riscv64-unknown-elf/9.2.0/../../../../riscv64-unknown-elf/lib/libc.a(lib_a-init.o)
 .riscv.attributes
                0x000000000000022a       0x33 /home/nikhil/git_clones/RISCV_Gnu_Toolchain/riscv64/lib/gcc/riscv64-unknown-elf/9.2.0/../../../../riscv64-unknown-elf/lib/libc.a(lib_a-memset.o)
 .riscv.attributes
                0x000000000000025d       0x35 /home/nikhil/git_clones/RISCV_Gnu_Toolchain/riscv64/lib/gcc/riscv64-unknown-elf/9.2.0/../../../../riscv64-unknown-elf/lib/libc.a(lib_a-puts.o)
 .riscv.attributes
                0x0000000000000292       0x35 /home/nikhil/git_clones/RISCV_Gnu_Toolchain/riscv64/lib/gcc/riscv64-unknown-elf/9.2.0/../../../../riscv64-unknown-elf/lib/libc.a(lib_a-strlen.o)
 .riscv.attributes
                0x00000000000002c7       0x35 /home/nikhil/git_clones/RISCV_Gnu_Toolchain/riscv64/lib/gcc/riscv64-unknown-elf/9.2.0/../../../../riscv64-unknown-elf/lib/libc.a(lib_a-__call_atexit.o)
 .riscv.attributes
                0x00000000000002fc       0x35 /home/nikhil/git_clones/RISCV_Gnu_Toolchain/riscv64/lib/gcc/riscv64-unknown-elf/9.2.0/../../../../riscv64-unknown-elf/lib/libc.a(lib_a-findfp.o)
 .riscv.attributes
                0x0000000000000331       0x35 /home/nikhil/git_clones/RISCV_Gnu_Toolchain/riscv64/lib/gcc/riscv64-unknown-elf/9.2.0/../../../../riscv64-unknown-elf/lib/libc.a(lib_a-fini.o)
 .riscv.attributes
                0x0000000000000366       0x35 /home/nikhil/git_clones/RISCV_Gnu_Toolchain/riscv64/lib/gcc/riscv64-unknown-elf/9.2.0/../../../../riscv64-unknown-elf/lib/libc.a(lib_a-fvwrite.o)
 .riscv.attributes
                0x000000000000039b       0x35 /home/nikhil/git_clones/RISCV_Gnu_Toolchain/riscv64/lib/gcc/riscv64-unknown-elf/9.2.0/../../../../riscv64-unknown-elf/lib/libc.a(lib_a-fwalk.o)
 .riscv.attributes
                0x00000000000003d0       0x35 /home/nikhil/git_clones/RISCV_Gnu_Toolchain/riscv64/lib/gcc/riscv64-unknown-elf/9.2.0/../../../../riscv64-unknown-elf/lib/libc.a(lib_a-mallocr.o)
 .riscv.attributes
                0x0000000000000405       0x35 /home/nikhil/git_clones/RISCV_Gnu_Toolchain/riscv64/lib/gcc/riscv64-unknown-elf/9.2.0/../../../../riscv64-unknown-elf/lib/libc.a(lib_a-memchr.o)
 .riscv.attributes
                0x000000000000043a       0x35 /home/nikhil/git_clones/RISCV_Gnu_Toolchain/riscv64/lib/gcc/riscv64-unknown-elf/9.2.0/../../../../riscv64-unknown-elf/lib/libc.a(lib_a-memcpy.o)
 .riscv.attributes
                0x000000000000046f       0x35 /home/nikhil/git_clones/RISCV_Gnu_Toolchain/riscv64/lib/gcc/riscv64-unknown-elf/9.2.0/../../../../riscv64-unknown-elf/lib/libc.a(lib_a-memmove-stub.o)
 .riscv.attributes
                0x00000000000004a4       0x35 /home/nikhil/git_clones/RISCV_Gnu_Toolchain/riscv64/lib/gcc/riscv64-unknown-elf/9.2.0/../../../../riscv64-unknown-elf/lib/libc.a(lib_a-mlock.o)
 .riscv.attributes
                0x00000000000004d9       0x35 /home/nikhil/git_clones/RISCV_Gnu_Toolchain/riscv64/lib/gcc/riscv64-unknown-elf/9.2.0/../../../../riscv64-unknown-elf/lib/libc.a(lib_a-reallocr.o)
 .riscv.attributes
                0x000000000000050e       0x35 /home/nikhil/git_clones/RISCV_Gnu_Toolchain/riscv64/lib/gcc/riscv64-unknown-elf/9.2.0/../../../../riscv64-unknown-elf/lib/libc.a(lib_a-sbrkr.o)
 .riscv.attributes
                0x0000000000000543       0x35 /home/nikhil/git_clones/RISCV_Gnu_Toolchain/riscv64/lib/gcc/riscv64-unknown-elf/9.2.0/../../../../riscv64-unknown-elf/lib/libc.a(lib_a-stdio.o)
 .riscv.attributes
                0x0000000000000578       0x35 /home/nikhil/git_clones/RISCV_Gnu_Toolchain/riscv64/lib/gcc/riscv64-unknown-elf/9.2.0/../../../../riscv64-unknown-elf/lib/libc.a(lib_a-writer.o)
 .riscv.attributes
                0x00000000000005ad       0x35 /home/nikhil/git_clones/RISCV_Gnu_Toolchain/riscv64/lib/gcc/riscv64-unknown-elf/9.2.0/../../../../riscv64-unknown-elf/lib/libc.a(lib_a-wsetup.o)
 .riscv.attributes
                0x00000000000005e2       0x35 /home/nikhil/git_clones/RISCV_Gnu_Toolchain/riscv64/lib/gcc/riscv64-unknown-elf/9.2.0/../../../../riscv64-unknown-elf/lib/libc.a(lib_a-atexit.o)
 .riscv.attributes
                0x0000000000000617       0x35 /home/nikhil/git_clones/RISCV_Gnu_Toolchain/riscv64/lib/gcc/riscv64-unknown-elf/9.2.0/../../../../riscv64-unknown-elf/lib/libc.a(lib_a-closer.o)
 .riscv.attributes
                0x000000000000064c       0x35 /home/nikhil/git_clones/RISCV_Gnu_Toolchain/riscv64/lib/gcc/riscv64-unknown-elf/9.2.0/../../../../riscv64-unknown-elf/lib/libc.a(lib_a-fclose.o)
 .riscv.attributes
                0x0000000000000681       0x35 /home/nikhil/git_clones/RISCV_Gnu_Toolchain/riscv64/lib/gcc/riscv64-unknown-elf/9.2.0/../../../../riscv64-unknown-elf/lib/libc.a(lib_a-fflush.o)
 .riscv.attributes
                0x00000000000006b6       0x35 /home/nikhil/git_clones/RISCV_Gnu_Toolchain/riscv64/lib/gcc/riscv64-unknown-elf/9.2.0/../../../../riscv64-unknown-elf/lib/libc.a(lib_a-freer.o)
 .riscv.attributes
                0x00000000000006eb       0x35 /home/nikhil/git_clones/RISCV_Gnu_Toolchain/riscv64/lib/gcc/riscv64-unknown-elf/9.2.0/../../../../riscv64-unknown-elf/lib/libc.a(lib_a-lseekr.o)
 .riscv.attributes
                0x0000000000000720       0x35 /home/nikhil/git_clones/RISCV_Gnu_Toolchain/riscv64/lib/gcc/riscv64-unknown-elf/9.2.0/../../../../riscv64-unknown-elf/lib/libc.a(lib_a-makebuf.o)
 .riscv.attributes
                0x0000000000000755       0x35 /home/nikhil/git_clones/RISCV_Gnu_Toolchain/riscv64/lib/gcc/riscv64-unknown-elf/9.2.0/../../../../riscv64-unknown-elf/lib/libc.a(lib_a-readr.o)
 .riscv.attributes
                0x000000000000078a       0x35 /home/nikhil/git_clones/RISCV_Gnu_Toolchain/riscv64/lib/gcc/riscv64-unknown-elf/9.2.0/../../../../riscv64-unknown-elf/lib/libc.a(lib_a-reent.o)
 .riscv.attributes
                0x00000000000007bf       0x35 /home/nikhil/git_clones/RISCV_Gnu_Toolchain/riscv64/lib/gcc/riscv64-unknown-elf/9.2.0/../../../../riscv64-unknown-elf/lib/libc.a(lib_a-__atexit.o)
 .riscv.attributes
                0x00000000000007f4       0x35 /home/nikhil/git_clones/RISCV_Gnu_Toolchain/riscv64/lib/gcc/riscv64-unknown-elf/9.2.0/../../../../riscv64-unknown-elf/lib/libc.a(lib_a-fstatr.o)
 .riscv.attributes
                0x0000000000000829       0x35 /home/nikhil/git_clones/RISCV_Gnu_Toolchain/riscv64/lib/gcc/riscv64-unknown-elf/9.2.0/../../../../riscv64-unknown-elf/lib/libc.a(lib_a-isattyr.o)
 .riscv.attributes
                0x000000000000085e       0x35 /home/nikhil/git_clones/RISCV_Gnu_Toolchain/riscv64/lib/gcc/riscv64-unknown-elf/9.2.0/../../../../riscv64-unknown-elf/lib/libnosys.a(_exit.o)
 .riscv.attributes
                0x0000000000000893       0x35 /home/nikhil/git_clones/RISCV_Gnu_Toolchain/riscv64/lib/gcc/riscv64-unknown-elf/9.2.0/crtend.o

.gnu.build.attributes
 *(.gnu.build.attributes .gnu.build.attributes.*)

.debug
 *(.debug)

.line
 *(.line)

.debug_srcinfo
 *(.debug_srcinfo)

.debug_sfnames
 *(.debug_sfnames)

.debug_aranges  0x0000000000000000       0xf0
 *(.debug_aranges)
 .debug_aranges
                0x0000000000000000       0x30 ./lib/startup.o
 .debug_aranges
                0x0000000000000030       0x30 ./lib/syscalls.o
 .debug_aranges
                0x0000000000000060       0x30 ./lib/riscv_counters.o
 .debug_aranges
                0x0000000000000090       0x30 ./lib/ns16550.o
 .debug_aranges
                0x00000000000000c0       0x30 /tmp/ccaWgiCf.o

.debug_pubnames
 *(.debug_pubnames)

.debug_info     0x0000000000000000     0x26ad
 *(.debug_info .gnu.linkonce.wi.*)
 .debug_info    0x0000000000000000       0x2e ./lib/startup.o
 .debug_info    0x000000000000002e      0xd7e ./lib/syscalls.o
 .debug_info    0x0000000000000dac      0xb18 ./lib/riscv_counters.o
 .debug_info    0x00000000000018c4      0x40a ./lib/ns16550.o
 .debug_info    0x0000000000001cce      0x9df /tmp/ccaWgiCf.o

.debug_abbrev   0x0000000000000000      0x86e
 *(.debug_abbrev)
 .debug_abbrev  0x0000000000000000       0x14 ./lib/startup.o
 .debug_abbrev  0x0000000000000014      0x28c ./lib/syscalls.o
 .debug_abbrev  0x00000000000002a0      0x265 ./lib/riscv_counters.o
 .debug_abbrev  0x0000000000000505      0x15e ./lib/ns16550.o
 .debug_abbrev  0x0000000000000663      0x20b /tmp/ccaWgiCf.o

.debug_line     0x0000000000000000      0xc6e
 *(.debug_line .debug_line.* .debug_line_end)
 .debug_line    0x0000000000000000       0x9a ./lib/startup.o
 .debug_line    0x000000000000009a      0x497 ./lib/syscalls.o
 .debug_line    0x0000000000000531      0x285 ./lib/riscv_counters.o
 .debug_line    0x00000000000007b6      0x2a0 ./lib/ns16550.o
 .debug_line    0x0000000000000a56      0x218 /tmp/ccaWgiCf.o

.debug_frame    0x0000000000000000      0x550
 *(.debug_frame)
 .debug_frame   0x0000000000000000      0x280 ./lib/syscalls.o
 .debug_frame   0x0000000000000280      0x190 ./lib/riscv_counters.o
 .debug_frame   0x0000000000000410      0x100 ./lib/ns16550.o
 .debug_frame   0x0000000000000510       0x40 /tmp/ccaWgiCf.o

.debug_str      0x0000000000000000      0x882
 *(.debug_str)
 .debug_str     0x0000000000000000       0x44 ./lib/startup.o
 .debug_str     0x0000000000000044      0x555 ./lib/syscalls.o
                                        0x602 (size before relaxing)
 .debug_str     0x0000000000000599       0x82 ./lib/riscv_counters.o
                                        0x58e (size before relaxing)
 .debug_str     0x000000000000061b      0x240 ./lib/ns16550.o
                                        0x331 (size before relaxing)
 .debug_str     0x000000000000085b       0x27 /tmp/ccaWgiCf.o
                                        0x533 (size before relaxing)

.debug_loc
 *(.debug_loc)

.debug_macinfo
 *(.debug_macinfo)

.debug_weaknames
 *(.debug_weaknames)

.debug_funcnames
 *(.debug_funcnames)

.debug_typenames
 *(.debug_typenames)

.debug_varnames
 *(.debug_varnames)

.debug_pubtypes
 *(.debug_pubtypes)

.debug_ranges
 *(.debug_ranges)

.debug_macro
 *(.debug_macro)

.debug_addr
 *(.debug_addr)

.gnu.attributes
 *(.gnu.attributes)

/DISCARD/
 *(.note.GNU-stack)
 *(.gnu_debuglink)
 *(.gnu.lto_*)
OUTPUT(test/test elf64-littleriscv)
